// Vitest Snapshot v1, https://vitest.dev/guide/snapshot.html

exports[`compileSource > snapshot: full pipeline output 1`] = `
"// SendMessageIntent.swift
// Axint compiler output. Edit freely; regenerate from the source definition when useful.

import AppIntents
import Foundation

struct SendMessageIntent: AppIntent {
    static var title: LocalizedStringResource = "Send Message"
    static var description: IntentDescription = IntentDescription("Sends a message to a contact")

    @Parameter(title: "Recipient", description: "Who to message")
    var recipient: String

    @Parameter(title: "Body", description: "Message content")
    var body: String


    func perform() async throws -> some IntentResult & ReturnsValue<String> {
        // TODO: Implement your intent logic here.
        // Parameters available: recipient, body
        return .result(value: "")
    }
}
"
`;
